// Bun Snapshot v1, https://goo.gl/fbAQLP

exports[`<titleStmt> should parse a minimal titleStmt 1`] = `
"Schema validation failed with 0 errors:
"
`;

exports[`<titleStmt> should work for Bach-JS_Hilf_Herr_Jesu_BWV344 1`] = `
"Schema validation failed with 0 errors:
"
`;

exports[`<titleStmt> should work for example of of a header including FRBR 1`] = `
"Schema validation failed with 0 errors:
"
`;
