// Bun Snapshot v1, https://bun.sh/docs/test/snapshots



exports[`RevisionDescSchema should be a valid schema 1`] = `
{
  "@xml:id": "idm16111",
  "change": [
    {
      "@isodate": "2011-09-15",
      "@xml:id": "change_d1e2460524057",
      "changeDesc": {
        "@xml:id": "changeDesc_N25CCB",
        "p": {
          "#text": "tab 1",
          "@xml:id": "p_N25CCC",
        },
      },
      "respStmt": {
        "@xml:id": "respStmt_d8b306d3",
        "name": {
          "#text": "ebp",
          "@xml:id": "resp_a27b49ae",
        },
      },
    },
    {
      "@isodate": "2013-09-03",
      "@xml:id": "change_8645d1e12083",
      "changeDesc": {
        "@xml:id": "changeDesc_N25CD2",
        "p": {
          "#text": "Automated conversion from MEI 2012 to MEI 2013",
          "@xml:id": "p_N25CD3",
        },
      },
      "respStmt": {
        "@xml:id": "respStmt_285af2fe",
        "name": {
          "#text": "MerMEId",
          "@xml:id": "resp_867657b3",
        },
      },
    },
    {
      "@isodate": "2013-11-12",
      "@xml:id": "change_a8a9f42b",
      "changeDesc": {
        "@xml:id": "changeDesc_N25CD9",
        "p": {
          "@xml:id": "p_N25CDA",
        },
      },
      "respStmt": {
        "@xml:id": "respStmt_6b7532c4",
        "name": {
          "#text": "ninh",
          "@xml:id": "resp_ad6fd141",
        },
      },
    },
    {
      "@isodate": "2013-11-14",
      "@xml:id": "change_31ead7c5",
      "changeDesc": {
        "@xml:id": "changeDesc_N25CDF",
        "p": {
          "@xml:id": "p_N25CE0",
        },
      },
      "respStmt": {
        "@xml:id": "respStmt_c2cec8bc",
        "name": {
          "#text": "ninh",
          "@xml:id": "resp_fa0a6eb9",
        },
      },
    },
    {
      "@isodate": "2013-11-21",
      "@xml:id": "change_35a84e3f",
      "changeDesc": {
        "@xml:id": "changeDesc_N25CE5",
        "p": {
          "@xml:id": "p_N25CE6",
        },
      },
      "respStmt": {
        "@xml:id": "respStmt_fb462e72",
        "name": {
          "#text": "kaen",
          "@xml:id": "resp_bfd3d4a7",
        },
      },
    },
    {
      "@isodate": "2013-11-26",
      "@xml:id": "change_7119ff1e",
      "changeDesc": {
        "@xml:id": "changeDesc_N25CEB",
        "p": {
          "@xml:id": "p_N25CEC",
        },
      },
      "respStmt": {
        "@xml:id": "respStmt_2e4a443e",
        "name": {
          "#text": "kaen",
          "@xml:id": "resp_1bb58b96",
        },
      },
    },
    {
      "@isodate": "2014-01-14",
      "@xml:id": "change_9403N2511D",
      "changeDesc": {
        "@xml:id": "changeDesc_N25CF1",
        "p": {
          "@xml:id": "p_N25CF2",
        },
      },
      "respStmt": {
        "@xml:id": "respStmt_6fd2c4fc",
        "name": {
          "#text": "kaen",
          "@xml:id": "resp_f4f65686",
        },
      },
    },
    {
      "@isodate": "2014-02-14",
      "@xml:id": "change_9406N25123",
      "changeDesc": {
        "@xml:id": "changeDesc_N25CF7",
        "p": {
          "@xml:id": "p_N25CF8",
        },
      },
      "respStmt": {
        "@xml:id": "respStmt_c9e530c5",
        "name": {
          "#text": "kaen",
          "@xml:id": "resp_1d14abca",
        },
      },
    },
    {
      "@isodate": "2014-03-27",
      "@xml:id": "change_9439N25182",
      "changeDesc": {
        "@xml:id": "changeDesc_N25CFD",
        "p": {
          "@xml:id": "p_N25CFE",
        },
      },
      "respStmt": {
        "@xml:id": "respStmt_d3ecf7fc",
        "name": {
          "#text": "ph",
          "@xml:id": "resp_d985de06",
        },
      },
    },
    {
      "@isodate": "2014-03-28",
      "@xml:id": "change_9444N25190",
      "changeDesc": {
        "@xml:id": "changeDesc_N25D03",
        "p": {
          "@xml:id": "p_N25D04",
        },
      },
      "respStmt": {
        "@xml:id": "respStmt_1defe02a",
        "name": {
          "#text": "bmoe",
          "@xml:id": "resp_0b97a3e2",
        },
      },
    },
    {
      "@isodate": "2014-03-31",
      "@xml:id": "change_9446N25193",
      "changeDesc": {
        "@xml:id": "changeDesc_N25D09",
        "p": {
          "@xml:id": "p_N25D0A",
        },
      },
      "respStmt": {
        "@xml:id": "respStmt_78e33764",
        "name": {
          "#text": "bmoe",
          "@xml:id": "resp_f79009b2",
        },
      },
    },
    {
      "@isodate": "2014-04-04",
      "@xml:id": "change_bbd42c2f",
      "changeDesc": {
        "@xml:id": "changeDesc_N25D0F",
        "p": {
          "@xml:id": "p_N25D10",
        },
      },
      "respStmt": {
        "@xml:id": "respStmt_0709d3f8",
        "name": {
          "#text": "kaen",
          "@xml:id": "resp_7c4bf985",
        },
      },
    },
    {
      "@isodate": "2014-04-24",
      "@xml:id": "change_5222afd2",
      "changeDesc": {
        "@xml:id": "changeDesc_N25D15",
        "p": {
          "@xml:id": "p_N25D16",
        },
      },
      "respStmt": {
        "@xml:id": "respStmt_8fbaee69",
        "name": {
          "#text": "kaen",
          "@xml:id": "resp_f3d0dffe",
        },
      },
    },
    {
      "@isodate": "2014-05-20",
      "@xml:id": "change_c313b68c",
      "changeDesc": {
        "@xml:id": "changeDesc_N25D1B",
        "p": {
          "@xml:id": "p_N25D1C",
        },
      },
      "respStmt": {
        "@xml:id": "respStmt_dfbbc8ac",
        "name": {
          "#text": "kaen",
          "@xml:id": "resp_dc719811",
        },
      },
    },
    {
      "@isodate": "2014-06-03",
      "@xml:id": "change_965fe0e1",
      "changeDesc": {
        "@xml:id": "changeDesc_N25D21",
        "p": {
          "@xml:id": "p_N25D22",
        },
      },
      "respStmt": {
        "@xml:id": "respStmt_70acc655",
        "name": {
          "#text": "ph",
          "@xml:id": "resp_2825b5f9",
        },
      },
    },
    {
      "@isodate": "2014-06-13",
      "@xml:id": "change_9e9f6760",
      "changeDesc": {
        "@xml:id": "changeDesc_N25D27",
        "p": {
          "@xml:id": "p_N25D28",
        },
      },
      "respStmt": {
        "@xml:id": "respStmt_4f9149b4",
        "name": {
          "#text": "atge",
          "@xml:id": "resp_8b589f91",
        },
      },
    },
    {
      "@isodate": "2014-06-23",
      "@xml:id": "change_9455N2554C",
      "changeDesc": {
        "@xml:id": "changeDesc_N25D2D",
        "p": {
          "@xml:id": "p_N25D2E",
        },
      },
      "respStmt": {
        "@xml:id": "respStmt_1c3896d9",
        "name": {
          "#text": "bmoe",
          "@xml:id": "resp_c205966b",
        },
      },
    },
    {
      "@isodate": "2014-06-23",
      "@xml:id": "change_9456N2554E",
      "changeDesc": {
        "@xml:id": "changeDesc_N25D33",
        "p": {
          "@xml:id": "p_N25D34",
        },
      },
      "respStmt": {
        "@xml:id": "respStmt_fe047829",
        "name": {
          "#text": "atge",
          "@xml:id": "resp_2764edc9",
        },
      },
    },
    {
      "@isodate": "2014-07-09",
      "@xml:id": "change_45d898ef",
      "changeDesc": {
        "@xml:id": "changeDesc_N25D39",
        "p": {
          "@xml:id": "p_N25D3A",
        },
      },
      "respStmt": {
        "@xml:id": "respStmt_a35de44a",
        "name": {
          "#text": "ninh",
          "@xml:id": "resp_abab7e61",
        },
      },
    },
    {
      "@isodate": "2014-07-30",
      "@xml:id": "change_9535N256B9",
      "changeDesc": {
        "@xml:id": "changeDesc_N25D3F",
        "p": {
          "@xml:id": "p_N25D40",
        },
      },
      "respStmt": {
        "@xml:id": "respStmt_3e53cdc8",
        "name": {
          "#text": "atge",
          "@xml:id": "resp_56ddc6f1",
        },
      },
    },
    {
      "@isodate": "2014-08-08",
      "@xml:id": "change_9241N253CD",
      "changeDesc": {
        "@xml:id": "changeDesc_N25D45",
        "p": {
          "@xml:id": "p_N25D46",
        },
      },
      "respStmt": {
        "@xml:id": "respStmt_db5de622",
        "name": {
          "#text": "atge",
          "@xml:id": "resp_8f9aa4b9",
        },
      },
    },
    {
      "@isodate": "2014-08-18",
      "@xml:id": "change_9244N253D3",
      "changeDesc": {
        "@xml:id": "changeDesc_N25D4B",
        "p": {
          "@xml:id": "p_N25D4C",
        },
      },
      "respStmt": {
        "@xml:id": "respStmt_24e1f525",
        "name": {
          "#text": "atge",
          "@xml:id": "resp_c43d960f",
        },
      },
    },
    {
      "@isodate": "2014-09-02",
      "@xml:id": "change_9247N253D9",
      "changeDesc": {
        "@xml:id": "changeDesc_N25D51",
        "p": {
          "@xml:id": "p_N25D52",
        },
      },
      "respStmt": {
        "@xml:id": "respStmt_38286816",
        "name": {
          "#text": "ph",
          "@xml:id": "resp_fe2fa8d0",
        },
      },
    },
    {
      "@isodate": "2014-09-23",
      "@xml:id": "change_9251N253E4",
      "changeDesc": {
        "@xml:id": "changeDesc_N25D57",
        "p": {
          "@xml:id": "p_N25D58",
        },
      },
      "respStmt": {
        "@xml:id": "respStmt_e8a6a015",
        "name": {
          "#text": "kaen",
          "@xml:id": "resp_2b84a3ea",
        },
      },
    },
    {
      "@isodate": "2014-10-07",
      "@xml:id": "change_9256N253F4",
      "changeDesc": {
        "@xml:id": "changeDesc_N25D5D",
        "p": {
          "@xml:id": "p_N25D5E",
        },
      },
      "respStmt": {
        "@xml:id": "respStmt_802948f5",
        "name": {
          "#text": "kaen",
          "@xml:id": "resp_fdab4bc3",
        },
      },
    },
    {
      "@isodate": "2014-10-08",
      "@xml:id": "change_9258N253FB",
      "changeDesc": {
        "@xml:id": "changeDesc_N25D63",
        "p": {
          "@xml:id": "p_N25D64",
        },
      },
      "respStmt": {
        "@xml:id": "respStmt_2169e144",
        "name": {
          "#text": "atge",
          "@xml:id": "resp_8c8b9c68",
        },
      },
    },
    {
      "@isodate": "2014-11-04",
      "@xml:id": "change_9258N253FC",
      "changeDesc": {
        "@xml:id": "changeDesc_N25D69",
        "p": {
          "@xml:id": "p_N25D6A",
        },
      },
      "respStmt": {
        "@xml:id": "respStmt_403f6b5c",
        "name": {
          "#text": "atge",
          "@xml:id": "resp_9ba27c0c",
        },
      },
    },
    {
      "@isodate": "2014-11-10",
      "@xml:id": "change_6647b966",
      "changeDesc": {
        "@xml:id": "changeDesc_N25D6F",
        "p": {
          "@xml:id": "p_N25D70",
        },
      },
      "respStmt": {
        "@xml:id": "respStmt_c77555ec",
        "name": {
          "#text": "kaen",
          "@xml:id": "resp_54bd556e",
        },
      },
    },
    {
      "@isodate": "2014-11-11",
      "@xml:id": "change_9287N254AE",
      "changeDesc": {
        "@xml:id": "changeDesc_N25D75",
        "p": {
          "@xml:id": "p_N25D76",
        },
      },
      "respStmt": {
        "@xml:id": "respStmt_da700fa1",
        "name": {
          "#text": "kaen",
          "@xml:id": "resp_5bf6f900",
        },
      },
    },
    {
      "@isodate": "2014-11-18",
      "@xml:id": "change_3a3b2ed1",
      "changeDesc": {
        "@xml:id": "changeDesc_N25D7B",
        "p": {
          "@xml:id": "p_N25D7C",
        },
      },
      "respStmt": {
        "@xml:id": "respStmt_76ee6073",
        "name": {
          "#text": "kaen",
          "@xml:id": "resp_b27e548e",
        },
      },
    },
    {
      "@isodate": "2014-11-20",
      "@xml:id": "change_9256d1e13211",
      "changeDesc": {
        "@xml:id": "changeDesc_N25D81",
        "p": {
          "#text": "Batch transformation moving identifier/@type data to @label",
          "@xml:id": "p_N25D82",
        },
      },
      "respStmt": {
        "@xml:id": "respStmt_0bf7174c",
        "name": {
          "#text": "MerMEId",
          "@xml:id": "resp_80d27cd3",
        },
      },
    },
    {
      "@isodate": "2014-11-20",
      "@xml:id": "change_9259d1e13211",
      "changeDesc": {
        "@xml:id": "changeDesc_N25D88",
        "p": {
          "#text": "Batch transformation ensuring correct order of elements in source, work and biblList",
          "@xml:id": "p_N25D89",
        },
      },
      "respStmt": {
        "@xml:id": "respStmt_ee85cc35",
        "name": {
          "#text": "MerMEId",
          "@xml:id": "resp_3470a35e",
        },
      },
    },
    {
      "@isodate": "2014-11-20",
      "@xml:id": "change_9262d1e13211",
      "changeDesc": {
        "@xml:id": "changeDesc_N25D8F",
        "p": {
          "#text": "Batch transformation removing duplicate IDs and fixing other issues",
          "@xml:id": "p_N25D90",
        },
      },
      "respStmt": {
        "@xml:id": "respStmt_5aee18dd",
        "name": {
          "#text": "MerMEId",
          "@xml:id": "resp_8ebe3224",
        },
      },
    },
    {
      "@isodate": "2014-11-27",
      "@xml:id": "change_9256N2548C",
      "changeDesc": {
        "@xml:id": "changeDesc_N25D96",
        "p": {
          "@xml:id": "p_N25D97",
        },
      },
      "respStmt": {
        "@xml:id": "respStmt_fda8c0d9",
        "name": {
          "#text": "inso",
          "@xml:id": "resp_857bf57f",
        },
      },
    },
    {
      "@isodate": "2014-11-27",
      "@xml:id": "change_9259N25492",
      "changeDesc": {
        "@xml:id": "changeDesc_N25D9C",
        "p": {
          "@xml:id": "p_N25D9D",
        },
      },
      "respStmt": {
        "@xml:id": "respStmt_787f792c",
        "name": {
          "#text": "atge",
          "@xml:id": "resp_5cbb6915",
        },
      },
    },
    {
      "@isodate": "2014-12-01",
      "@xml:id": "change_0b6208f3",
      "changeDesc": {
        "@xml:id": "changeDesc_N25DA2",
        "p": {
          "@xml:id": "p_N25DA3",
        },
      },
      "respStmt": {
        "@xml:id": "respStmt_4026b6a4",
        "name": {
          "#text": "kaen",
          "@xml:id": "resp_d15180a4",
        },
      },
    },
    {
      "@isodate": "2014-12-02",
      "@xml:id": "change_9c5c573c",
      "changeDesc": {
        "@xml:id": "changeDesc_N25DA8",
        "p": {
          "@xml:id": "p_N25DA9",
        },
      },
      "respStmt": {
        "@xml:id": "respStmt_79e60c99",
        "name": {
          "#text": "kaen",
          "@xml:id": "resp_b1a3ab91",
        },
      },
    },
    {
      "@isodate": "2015-03-12",
      "@xml:id": "change_c7ffbec6",
      "changeDesc": {
        "@xml:id": "changeDesc_N25DAE",
        "p": {
          "@xml:id": "p_N25DAF",
        },
      },
      "respStmt": {
        "@xml:id": "respStmt_cf927469",
        "name": {
          "#text": "kaen",
          "@xml:id": "resp_1419f860",
        },
      },
    },
    {
      "@isodate": "2015-03-19",
      "@xml:id": "change_9617N2578D",
      "changeDesc": {
        "@xml:id": "changeDesc_N25DB4",
        "p": {
          "@xml:id": "p_N25DB5",
        },
      },
      "respStmt": {
        "@xml:id": "respStmt_79270319",
        "name": {
          "#text": "atge",
          "@xml:id": "resp_95e2e321",
        },
      },
    },
    {
      "@isodate": "2015-03-26",
      "@xml:id": "change_29290947",
      "changeDesc": {
        "@xml:id": "changeDesc_N25DBA",
        "p": {
          "@xml:id": "p_N25DBB",
        },
      },
      "respStmt": {
        "@xml:id": "respStmt_4f571008",
        "name": {
          "#text": "kaen",
          "@xml:id": "resp_74142cfa",
        },
      },
    },
    {
      "@isodate": "2015-04-23",
      "@xml:id": "change_a334f3cd",
      "changeDesc": {
        "@xml:id": "changeDesc_N25DC0",
        "p": {
          "@xml:id": "p_N25DC1",
        },
      },
      "respStmt": {
        "@xml:id": "respStmt_9964b534",
        "name": {
          "#text": "kaen",
          "@xml:id": "resp_2314d760",
        },
      },
    },
    {
      "@isodate": "2015-06-18",
      "@xml:id": "change_24c6eb67",
      "changeDesc": {
        "@xml:id": "changeDesc_N25DC6",
        "p": {
          "@xml:id": "p_N25DC7",
        },
      },
      "respStmt": {
        "@xml:id": "respStmt_7063f60e",
        "name": {
          "#text": "atge",
          "@xml:id": "resp_49d3cd06",
        },
      },
    },
    {
      "@isodate": "2015-06-26",
      "@xml:id": "change_9842N25967",
      "changeDesc": {
        "@xml:id": "changeDesc_N25DCC",
        "p": {
          "@xml:id": "p_N25DCD",
        },
      },
      "respStmt": {
        "@xml:id": "respStmt_9d415c9d",
        "name": {
          "#text": "atge",
          "@xml:id": "resp_d59542e0",
        },
      },
    },
    {
      "@isodate": "2015-06-30",
      "@xml:id": "change_9705N25790",
      "changeDesc": {
        "@xml:id": "changeDesc_N25DD2",
        "p": {
          "@xml:id": "p_N25DD3",
        },
      },
      "respStmt": {
        "@xml:id": "respStmt_c25a03fb",
        "name": {
          "#text": "atge",
          "@xml:id": "resp_11dc8038",
        },
      },
    },
    {
      "@isodate": "2015-07-01",
      "@xml:id": "change_ff259b79",
      "changeDesc": {
        "@xml:id": "changeDesc_N25DD8",
        "p": {
          "@xml:id": "p_N25DD9",
        },
      },
      "respStmt": {
        "@xml:id": "respStmt_cce6b69f",
        "name": {
          "#text": "atge",
          "@xml:id": "resp_19fc65cf",
        },
      },
    },
    {
      "@isodate": "2015-07-03",
      "@xml:id": "change_9617N256D0",
      "changeDesc": {
        "@xml:id": "changeDesc_N25DDE",
        "p": {
          "@xml:id": "p_N25DDF",
        },
      },
      "respStmt": {
        "@xml:id": "respStmt_1fe2f4af",
        "name": {
          "#text": "kaen",
          "@xml:id": "resp_84998582",
        },
      },
    },
    {
      "@isodate": "2015-07-03",
      "@xml:id": "change_4b620bc7",
      "changeDesc": {
        "@xml:id": "changeDesc_N25DE4",
        "p": {
          "@xml:id": "p_N25DE5",
        },
      },
      "respStmt": {
        "@xml:id": "respStmt_0be89e5a",
        "name": {
          "#text": "atge",
          "@xml:id": "resp_c0263ce0",
        },
      },
    },
    {
      "@isodate": "2015-07-10",
      "@xml:id": "change_9625N256E2",
      "changeDesc": {
        "@xml:id": "changeDesc_N25DEA",
        "p": {
          "@xml:id": "p_N25DEB",
        },
      },
      "respStmt": {
        "@xml:id": "respStmt_0b01e47d",
        "name": {
          "#text": "kaen",
          "@xml:id": "resp_7a69ccee",
        },
      },
    },
    {
      "@isodate": "2015-08-13",
      "@xml:id": "change_9628N256E8",
      "changeDesc": {
        "@xml:id": "changeDesc_N25DF0",
        "p": {
          "@xml:id": "p_N25DF1",
        },
      },
      "respStmt": {
        "@xml:id": "respStmt_c4da81aa",
        "name": {
          "#text": "kaen",
          "@xml:id": "resp_c2707745",
        },
      },
    },
    {
      "@isodate": "2015-08-18",
      "@xml:id": "change_9631N256EE",
      "changeDesc": {
        "@xml:id": "changeDesc_N25DF6",
        "p": {
          "@xml:id": "p_N25DF7",
        },
      },
      "respStmt": {
        "@xml:id": "respStmt_c8ef6f18",
        "name": {
          "#text": "kaen",
          "@xml:id": "resp_8dec90ed",
        },
      },
    },
    {
      "@isodate": "2015-08-26",
      "@xml:id": "change_6983b0aa",
      "changeDesc": {
        "@xml:id": "changeDesc_N25DFC",
        "p": {
          "@xml:id": "p_N25DFD",
        },
      },
      "respStmt": {
        "@xml:id": "respStmt_ccad1b66",
        "name": {
          "#text": "kaen",
          "@xml:id": "resp_9e780bfd",
        },
      },
    },
    {
      "@isodate": "2015-09-02",
      "@xml:id": "change_20f14976",
      "changeDesc": {
        "@xml:id": "changeDesc_N25E02",
        "p": {
          "@xml:id": "p_N25E03",
        },
      },
      "respStmt": {
        "@xml:id": "respStmt_391c8cfd",
        "name": {
          "#text": "atge",
          "@xml:id": "resp_8a16019e",
        },
      },
    },
    {
      "@isodate": "2015-09-03",
      "@xml:id": "change_9679N25754",
      "changeDesc": {
        "@xml:id": "changeDesc_N25E08",
        "p": {
          "@xml:id": "p_N25E09",
        },
      },
      "respStmt": {
        "@xml:id": "respStmt_56f51ed6",
        "name": {
          "#text": "atge",
          "@xml:id": "resp_d79b4669",
        },
      },
    },
    {
      "@isodate": "2015-09-03",
      "@xml:id": "change_9675N25748",
      "changeDesc": {
        "@xml:id": "changeDesc_N25E0E",
        "p": {
          "@xml:id": "p_N25E0F",
        },
      },
      "respStmt": {
        "@xml:id": "respStmt_fedc21eb",
        "name": {
          "#text": "kaen",
          "@xml:id": "resp_f1aa390d",
        },
      },
    },
    {
      "@isodate": "2015-09-24",
      "@xml:id": "change_687b1885",
      "changeDesc": {
        "@xml:id": "changeDesc_N25E14",
        "p": {
          "@xml:id": "p_N25E15",
        },
      },
      "respStmt": {
        "@xml:id": "respStmt_8ce050c4",
        "name": {
          "#text": "kaen",
          "@xml:id": "resp_e590769c",
        },
      },
    },
    {
      "@isodate": "2015-09-28",
      "@xml:id": "change_3117c419",
      "changeDesc": {
        "@xml:id": "changeDesc_N25E1A",
        "p": {
          "@xml:id": "p_N25E1B",
        },
      },
      "respStmt": {
        "@xml:id": "respStmt_4795f595",
        "name": {
          "#text": "kaen",
          "@xml:id": "resp_87e86e08",
        },
      },
    },
    {
      "@isodate": "2015-10-01",
      "@xml:id": "change_10346N25CC7",
      "changeDesc": {
        "@xml:id": "changeDesc_N25E20",
        "p": {
          "@xml:id": "p_N25E21",
        },
      },
      "respStmt": {
        "@xml:id": "respStmt_9b46365c",
        "name": {
          "#text": "kaen",
          "@xml:id": "resp_26a42773",
        },
      },
    },
    {
      "@isodate": "2015-11-04",
      "@xml:id": "change_10876N26113",
      "changeDesc": {
        "@xml:id": "changeDesc_N25E26",
        "p": {
          "@xml:id": "p_N25E27",
        },
      },
      "respStmt": {
        "@xml:id": "respStmt_7ff5745e",
        "name": {
          "#text": "atge",
          "@xml:id": "resp_0c305bf4",
        },
      },
    },
    {
      "@isodate": "2016-02-23",
      "@xml:id": "change_10879N26119",
      "changeDesc": {
        "@xml:id": "changeDesc_N25E2C",
        "p": {
          "@xml:id": "p_N25E2D",
        },
      },
      "respStmt": {
        "@xml:id": "respStmt_4e7e2bb4",
        "name": {
          "#text": "kaen",
          "@xml:id": "resp_a86bb377",
        },
      },
    },
    {
      "@isodate": "2016-03-08",
      "@xml:id": "change_10816idm140261396834272",
      "changeDesc": {
        "@xml:id": "changeDesc_N25E32",
        "p": {
          "#text": "Batch transformation migrating metadata to MerMEId rev. 948+",
          "@xml:id": "p_N25E33",
        },
      },
      "respStmt": {
        "@xml:id": "respStmt_0c79a7bf",
        "name": {
          "#text": "MerMEId",
          "@xml:id": "resp_e37f5b85",
        },
      },
    },
    {
      "@isodate": "2016-03-30",
      "@xml:id": "change_10928d1e15570",
      "changeDesc": {
        "@xml:id": "changeDesc_N25E39",
        "p": {
          "#text": "Batch transformation putting misplaced text back in place",
          "@xml:id": "p_N25E3A",
        },
      },
      "respStmt": {
        "@xml:id": "respStmt_ec210643",
        "name": {
          "#text": "MerMEId",
          "@xml:id": "resp_d5104c20",
        },
      },
    },
    {
      "@isodate": "2016-04-07",
      "@xml:id": "change_10867N18112",
      "changeDesc": {
        "@xml:id": "changeDesc_N27E47",
        "p": {
          "@xml:id": "p_N27E48",
        },
      },
      "respStmt": {
        "@xml:id": "respStmt_c8969852",
        "name": {
          "#text": "kaen",
          "@xml:id": "resp_36187e5f",
        },
      },
    },
    {
      "@isodate": "2016-06-24",
      "@xml:id": "change_7ef03290",
      "changeDesc": {
        "@xml:id": "changeDesc_a6a52454",
        "p": {
          "@xml:id": "p_22a0bffc",
        },
      },
      "respStmt": {
        "@xml:id": "respStmt_b4c4a985",
        "name": {
          "#text": "kaen",
          "@xml:id": "resp_38d4ef1c",
        },
      },
    },
    {
      "@isodate": "2017-04-04",
      "@n": "64",
      "@xml:id": "change_fde68781",
      "changeDesc": {
        "@xml:id": "changeDesc_5eb6fd95",
        "p": {
          "#text": "Converted to version 3.0.0 using mei21To30.xsl, version 1.0 beta for MerMEId",
          "@xml:id": "p_2b82f5f9",
        },
      },
      "respStmt": {
        "@xml:id": "respStmt_39b92577",
        "name": {
          "#text": "MerMEId",
          "@xml:id": "resp_aece7787",
        },
      },
    },
    {
      "@isodate": "2017-12-05T18:02:50+01:00",
      "@xml:id": "change_11080N17B14",
      "changeDesc": {
        "@xml:id": "changeDesc_f13f5bbe",
        "p": {
          "#text": "Mail address updated",
          "@xml:id": "p_f74281d2",
        },
      },
      "respStmt": {
        "@xml:id": "respStmt_3d8b5710",
        "name": {
          "#text": "MerMEId",
          "@xml:id": "resp_2d3ca9b3",
        },
      },
    },
    {
      "@isodate": "2017-12-14T16:32:51+01:00",
      "@xml:id": "change_11085N17B14",
      "changeDesc": {
        "@xml:id": "changeDesc_65c977bc",
        "p": {
          "#text": "Batch transformation removing empty elements",
          "@xml:id": "p_3bb9e68c",
        },
      },
      "respStmt": {
        "@xml:id": "respStmt_bcc92850",
        "name": {
          "#text": "MerMEId",
          "@xml:id": "resp_dcd85f1d",
        },
      },
    },
    {
      "@isodate": "2017-12-21T12:27:14.905Z",
      "@xml:id": "change_38f1bfd1",
      "changeDesc": {
        "@xml:id": "changeDesc_0af6aea2",
        "p": {
          "@xml:id": "p_4e06518f",
        },
      },
      "respStmt": {
        "@xml:id": "respStmt_917ee9eb",
        "name": {
          "#text": "chch",
          "@xml:id": "resp_81bfc24e",
        },
      },
    },
    {
      "@isodate": "2018-01-04T09:45:29+01:00",
      "@xml:id": "change_93788d570267",
      "changeDesc": {
        "@xml:id": "changeDesc_937848b3e019",
        "p": {
          "#text": "51 CNL references added automatically",
          "@xml:id": "p_5b314356",
        },
      },
      "respStmt": {
        "@xml:id": "respStmt_9378d9744e5c",
        "name": {
          "#text": "atge",
          "@xml:id": "resp_afa609e5",
        },
      },
    },
    {
      "@isodate": "2018-01-18T13:28:20.816Z",
      "@xml:id": "change_4643ee05",
      "changeDesc": {
        "@xml:id": "changeDesc_8f23cf18",
        "p": {
          "@xml:id": "p_876895ad",
        },
      },
      "respStmt": {
        "@xml:id": "respStmt_8d2a9749",
        "name": {
          "#text": "chch",
          "@xml:id": "resp_9e9de3db",
        },
      },
    },
    {
      "@isodate": "2018-01-19T12:19:09.224Z",
      "@xml:id": "change_0128aa9b",
      "changeDesc": {
        "@xml:id": "changeDesc_6cacb876",
        "p": {
          "@xml:id": "p_694f4487",
        },
      },
      "respStmt": {
        "@xml:id": "respStmt_f57a45a4",
        "name": {
          "#text": "chch",
          "@xml:id": "resp_0fa8bbe9",
        },
      },
    },
    {
      "@isodate": "2018-01-22T13:56:55.804Z",
      "@xml:id": "change_c19d4c55",
      "changeDesc": {
        "@xml:id": "changeDesc_66fd7a9c",
        "p": {
          "@xml:id": "p_c7ba2da0",
        },
      },
      "respStmt": {
        "@xml:id": "respStmt_d189999c",
        "name": {
          "#text": "chch",
          "@xml:id": "resp_cc315562",
        },
      },
    },
    {
      "@isodate": "2018-01-23T12:32:52.094Z",
      "@xml:id": "change_179a7907",
      "changeDesc": {
        "@xml:id": "changeDesc_f579dcf5",
        "p": {
          "@xml:id": "p_86b1c7ea",
        },
      },
      "respStmt": {
        "@xml:id": "respStmt_d4c7a352",
        "name": {
          "#text": "chch",
          "@xml:id": "resp_57a83eef",
        },
      },
    },
    {
      "@isodate": "2018-01-26T10:12:24.217Z",
      "@xml:id": "change_9918N1799D",
      "changeDesc": {
        "@xml:id": "changeDesc_9906315d",
        "p": {
          "@xml:id": "p_cd2bcf3c",
        },
      },
      "respStmt": {
        "@xml:id": "respStmt_dbd55ddc",
        "name": {
          "#text": "chch",
          "@xml:id": "resp_58868e10",
        },
      },
    },
    {
      "@isodate": "2018-01-31T12:29:21.47Z",
      "@xml:id": "change_9955N17A1F",
      "changeDesc": {
        "@xml:id": "changeDesc_cd0630e5",
        "p": {
          "@xml:id": "p_d76b66ed",
        },
      },
      "respStmt": {
        "@xml:id": "respStmt_850c6db9",
        "name": {
          "#text": "chch",
          "@xml:id": "resp_7f3d229c",
        },
      },
    },
    {
      "@isodate": "2018-02-01T11:14:55.405Z",
      "@xml:id": "change_9988N17A8E",
      "changeDesc": {
        "@xml:id": "changeDesc_b8711a40",
        "p": {
          "@xml:id": "p_f548195a",
        },
      },
      "respStmt": {
        "@xml:id": "respStmt_88c0d7ff",
        "name": {
          "#text": "chch",
          "@xml:id": "resp_f82e08a2",
        },
      },
    },
    {
      "@isodate": "2018-02-07T12:40:40.418Z",
      "@xml:id": "change_a7db04a4",
      "changeDesc": {
        "@xml:id": "changeDesc_79ef5dfa",
        "p": {
          "@xml:id": "p_4da4e8f3",
        },
      },
      "respStmt": {
        "@xml:id": "respStmt_f0b9454c",
        "name": {
          "#text": "chch",
          "@xml:id": "resp_8918a813",
        },
      },
    },
    {
      "@isodate": "2018-02-09T14:19:13.941Z",
      "@xml:id": "change_10031N17B19",
      "changeDesc": {
        "@xml:id": "changeDesc_3a383210",
        "p": {
          "@xml:id": "p_d70efd72",
        },
      },
      "respStmt": {
        "@xml:id": "respStmt_72e52d52",
        "name": {
          "#text": "chch",
          "@xml:id": "resp_dd62fede",
        },
      },
    },
    {
      "@isodate": "2018-02-20T12:06:38.047Z",
      "@xml:id": "change_10036N17B21",
      "changeDesc": {
        "@xml:id": "changeDesc_da849725",
        "p": {
          "@xml:id": "p_700eaa47",
        },
      },
      "respStmt": {
        "@xml:id": "respStmt_b51d0b3c",
        "name": {
          "#text": "chch",
          "@xml:id": "resp_2af0dc85",
        },
      },
    },
    {
      "@isodate": "2018-02-27T12:46:25.349Z",
      "@xml:id": "change_2c824206",
      "changeDesc": {
        "@xml:id": "changeDesc_4dc7d67f",
        "p": {
          "@xml:id": "p_58aadb4c",
        },
      },
      "respStmt": {
        "@xml:id": "respStmt_99a868c1",
        "name": {
          "#text": "chch",
          "@xml:id": "resp_f2cce00d",
        },
      },
    },
    {
      "@isodate": "2018-03-02T10:31:00.52Z",
      "@xml:id": "change_5d5ef0d4",
      "changeDesc": {
        "@xml:id": "changeDesc_7f9bb86c",
        "p": {
          "@xml:id": "p_597d9d34",
        },
      },
      "respStmt": {
        "@xml:id": "respStmt_334184e6",
        "name": {
          "#text": "chch",
          "@xml:id": "resp_bc5b147b",
        },
      },
    },
    {
      "@isodate": "2018-03-16T10:12:31.259Z",
      "@xml:id": "change_10432N18084",
      "changeDesc": {
        "@xml:id": "changeDesc_8e89aa14",
        "p": {
          "@xml:id": "p_c4f7258a",
        },
      },
      "respStmt": {
        "@xml:id": "respStmt_42f820f6",
        "name": {
          "#text": "chch",
          "@xml:id": "resp_03e9832e",
        },
      },
    },
    {
      "@isodate": "2018-03-20T12:21:04.412Z",
      "@xml:id": "change_10567N18253",
      "changeDesc": {
        "@xml:id": "changeDesc_4dc39dc8",
        "p": {
          "@xml:id": "p_971113f1",
        },
      },
      "respStmt": {
        "@xml:id": "respStmt_436c7d3b",
        "name": {
          "#text": "chch",
          "@xml:id": "resp_2031cb10",
        },
      },
    },
    {
      "@isodate": "2018-03-22T12:48:40.555Z",
      "@xml:id": "change_02eb8858",
      "changeDesc": {
        "@xml:id": "changeDesc_ed680914",
        "p": {
          "@xml:id": "p_bc6ba686",
        },
      },
      "respStmt": {
        "@xml:id": "respStmt_c8166212",
        "name": {
          "#text": "chch",
          "@xml:id": "resp_cab8c95a",
        },
      },
    },
    {
      "@isodate": "2018-04-05T11:37:08.584Z",
      "@xml:id": "change_47f41bb6",
      "changeDesc": {
        "@xml:id": "changeDesc_bdc6444e",
        "p": {
          "@xml:id": "p_428e1c6a",
        },
      },
      "respStmt": {
        "@xml:id": "respStmt_990b2cc8",
        "name": {
          "#text": "chch",
          "@xml:id": "resp_db785679",
        },
      },
    },
    {
      "@isodate": "2018-04-10T12:56:44.655Z",
      "@xml:id": "change_e11ff8c8",
      "changeDesc": {
        "@xml:id": "changeDesc_2e408772",
        "p": {
          "@xml:id": "p_3e51c806",
        },
      },
      "respStmt": {
        "@xml:id": "respStmt_3fa2570c",
        "name": {
          "#text": "chch",
          "@xml:id": "resp_7380a3cc",
        },
      },
    },
    {
      "@isodate": "2018-04-19T11:51:45.377Z",
      "@xml:id": "change_9bc200e6",
      "changeDesc": {
        "@xml:id": "changeDesc_327fe527",
        "p": {
          "@xml:id": "p_0cf0cca1",
        },
      },
      "respStmt": {
        "@xml:id": "respStmt_2c30e108",
        "name": {
          "#text": "chch",
          "@xml:id": "resp_8f117dc4",
        },
      },
    },
    {
      "@isodate": "2018-05-02T11:30:55.555Z",
      "@xml:id": "change_10970N187CC",
      "changeDesc": {
        "@xml:id": "changeDesc_63c7accd",
        "p": {
          "@xml:id": "p_2a45d0e7",
        },
      },
      "respStmt": {
        "@xml:id": "respStmt_e55400a6",
        "name": {
          "#text": "chch",
          "@xml:id": "resp_17514fc8",
        },
      },
    },
    {
      "@isodate": "2018-05-15T11:51:30.375Z",
      "@xml:id": "change_e594eee6",
      "changeDesc": {
        "@xml:id": "changeDesc_f9a80fd2",
        "p": {
          "@xml:id": "p_24ddaf51",
        },
      },
      "respStmt": {
        "@xml:id": "respStmt_2e72100a",
        "name": {
          "#text": "chch",
          "@xml:id": "resp_db07ff01",
        },
      },
    },
    {
      "@isodate": "2018-09-25T13:26:06.269Z",
      "@xml:id": "change_11176N18A9A",
      "changeDesc": {
        "@xml:id": "changeDesc_ac0c3e63",
        "p": {
          "@xml:id": "p_0de424ce",
        },
      },
      "respStmt": {
        "@xml:id": "respStmt_20e0965a",
        "name": {
          "#text": "karj",
          "@xml:id": "resp_69f9f0c5",
        },
      },
    },
    {
      "@isodate": "2018-10-08T11:33:09.326Z",
      "@xml:id": "change_e090e90e",
      "changeDesc": {
        "@xml:id": "changeDesc_95cc950e",
        "p": {
          "@xml:id": "p_c734fb81",
        },
      },
      "respStmt": {
        "@xml:id": "respStmt_5620d687",
        "name": {
          "#text": "llue",
          "@xml:id": "resp_3b15713e",
        },
      },
    },
    {
      "@isodate": "2018-11-21T11:23:18.219Z",
      "@xml:id": "change_11220N18B1B",
      "changeDesc": {
        "@xml:id": "changeDesc_e8ad3f67",
        "p": {
          "@xml:id": "p_bac13f84",
        },
      },
      "respStmt": {
        "@xml:id": "respStmt_f91ed1f6",
        "name": {
          "#text": "atge",
          "@xml:id": "resp_ad3559ab",
        },
      },
    },
    {
      "@isodate": "2018-11-28T09:26:27.621Z",
      "@xml:id": "change_1ca45454",
      "changeDesc": {
        "@xml:id": "changeDesc_d96c036a",
        "p": {
          "@xml:id": "p_06534128",
        },
      },
      "respStmt": {
        "@xml:id": "respStmt_d9210b66",
        "name": {
          "#text": "chch",
          "@xml:id": "resp_c0f42ae6",
        },
      },
    },
    {
      "@isodate": "2018-11-28T09:44:31.293Z",
      "@xml:id": "change_b527911a",
      "changeDesc": {
        "@xml:id": "changeDesc_45b50ec0",
        "p": {
          "@xml:id": "p_be0e5024",
        },
      },
      "respStmt": {
        "@xml:id": "respStmt_360a1487",
        "name": {
          "#text": "llue",
          "@xml:id": "resp_e43a4bef",
        },
      },
    },
    {
      "@isodate": "2019-01-04T14:20:40.861Z",
      "@xml:id": "change_dd665cd9",
      "changeDesc": {
        "@xml:id": "changeDesc_7cf7c48d",
        "p": {
          "@xml:id": "p_27a7124b",
        },
      },
      "respStmt": {
        "@xml:id": "respStmt_f40de772",
        "name": {
          "#text": "llue",
          "@xml:id": "resp_27767341",
        },
      },
    },
    {
      "@isodate": "2019-01-08T08:33:57.692Z",
      "@xml:id": "change_b55caeac",
      "changeDesc": {
        "@xml:id": "changeDesc_57d1d884",
        "p": {
          "@xml:id": "p_78014d21",
        },
      },
      "respStmt": {
        "@xml:id": "respStmt_aefcaf89",
        "name": {
          "#text": "atge",
          "@xml:id": "resp_bef2eee2",
        },
      },
    },
    {
      "@isodate": "2019-01-08T12:14:50.001Z",
      "@xml:id": "change_8c733555",
      "changeDesc": {
        "@xml:id": "changeDesc_8797b009",
        "p": {
          "@xml:id": "p_d91de19e",
        },
      },
      "respStmt": {
        "@xml:id": "respStmt_a936a1da",
        "name": {
          "#text": "karj",
          "@xml:id": "resp_5e70f8d6",
        },
      },
    },
    {
      "@isodate": "2019-01-09T12:32:15.578Z",
      "@xml:id": "change_e2f0dee1",
      "changeDesc": {
        "@xml:id": "changeDesc_ccfeee7f",
        "p": {
          "@xml:id": "p_f38d3afd",
        },
      },
      "respStmt": {
        "@xml:id": "respStmt_7af284a6",
        "name": {
          "#text": "karj",
          "@xml:id": "resp_06f2e38b",
        },
      },
    },
    {
      "@isodate": "2019-01-18T15:02:26.77Z",
      "@xml:id": "change_11551N18F76",
      "changeDesc": {
        "@xml:id": "changeDesc_e2258b53",
        "p": {
          "@xml:id": "p_9eb22b14",
        },
      },
      "respStmt": {
        "@xml:id": "respStmt_07bbb74d",
        "name": {
          "#text": "llue",
          "@xml:id": "resp_bc80034a",
        },
      },
    },
    {
      "@isodate": "2019-01-21T15:31:24.276Z",
      "@xml:id": "change_bbf72382",
      "changeDesc": {
        "@xml:id": "changeDesc_0cbdbf7d",
        "p": {
          "@xml:id": "p_65c1ea73",
        },
      },
      "respStmt": {
        "@xml:id": "respStmt_e5cd48b4",
        "name": {
          "#text": "llue",
          "@xml:id": "resp_36b10642",
        },
      },
    },
    {
      "@isodate": "2019-01-22T14:05:27.748Z",
      "@xml:id": "change_16337aab",
      "changeDesc": {
        "@xml:id": "changeDesc_0629dfab",
        "p": {
          "@xml:id": "p_499dec29",
        },
      },
      "respStmt": {
        "@xml:id": "respStmt_a925b5db",
        "name": {
          "#text": "karj",
          "@xml:id": "resp_28e51293",
        },
      },
    },
    {
      "@isodate": "2019-01-24T09:54:08.165Z",
      "@xml:id": "change_04757219",
      "changeDesc": {
        "@xml:id": "changeDesc_5da852af",
        "p": {
          "@xml:id": "p_384c98f1",
        },
      },
      "respStmt": {
        "@xml:id": "respStmt_9ff3fd44",
        "name": {
          "#text": "karj",
          "@xml:id": "resp_b61e0c70",
        },
      },
    },
    {
      "@isodate": "2019-01-24T11:17:01.421Z",
      "@xml:id": "change_becd921f",
      "changeDesc": {
        "@xml:id": "changeDesc_dfec68ef",
        "p": {
          "@xml:id": "p_dc2c281d",
        },
      },
      "respStmt": {
        "@xml:id": "respStmt_0345ba77",
        "name": {
          "#text": "Llue",
          "@xml:id": "resp_59176d49",
        },
      },
    },
    {
      "@isodate": "2019-01-24T12:11:13.844Z",
      "@xml:id": "change_39a43a1a",
      "changeDesc": {
        "@xml:id": "changeDesc_4e570bdc",
        "p": {
          "@xml:id": "p_c189f2cf",
        },
      },
      "respStmt": {
        "@xml:id": "respStmt_0922ddbd",
        "name": {
          "#text": "karj",
          "@xml:id": "resp_a1a8654f",
        },
      },
    },
    {
      "@isodate": "2019-01-24T12:19:23.971Z",
      "@xml:id": "change_11946N194C5",
      "changeDesc": {
        "@xml:id": "changeDesc_71dfe958",
        "p": {
          "@xml:id": "p_44da3736",
        },
      },
      "respStmt": {
        "@xml:id": "respStmt_42d2b60f",
        "name": {
          "#text": "Llue",
          "@xml:id": "resp_7a881967",
        },
      },
    },
    {
      "@isodate": "2019-01-24T13:01:28.714Z",
      "@xml:id": "change_3a11dbc4",
      "changeDesc": {
        "@xml:id": "changeDesc_50f26c77",
        "p": {
          "@xml:id": "p_c9b93e90",
        },
      },
      "respStmt": {
        "@xml:id": "respStmt_c213e7e8",
        "name": {
          "#text": "karj",
          "@xml:id": "resp_7be1866e",
        },
      },
    },
    {
      "@isodate": "2019-01-24T13:36:29.353Z",
      "@xml:id": "change_4ee74a62",
      "changeDesc": {
        "@xml:id": "changeDesc_6a162135",
        "p": {
          "@xml:id": "p_9e1d6b25",
        },
      },
      "respStmt": {
        "@xml:id": "respStmt_ebf06953",
        "name": {
          "#text": "Llue",
          "@xml:id": "resp_070b322c",
        },
      },
    },
    {
      "@isodate": "2019-01-24T13:51:47.048Z",
      "@xml:id": "change_66f97c38",
      "changeDesc": {
        "@xml:id": "changeDesc_78461c90",
        "p": {
          "@xml:id": "p_d7e5c2a2",
        },
      },
      "respStmt": {
        "@xml:id": "respStmt_787fc383",
        "name": {
          "#text": "karj",
          "@xml:id": "resp_f1d96bd3",
        },
      },
    },
    {
      "@isodate": "2019-01-24T16:44:00.129Z",
      "@xml:id": "change_25a3ebda",
      "changeDesc": {
        "@xml:id": "changeDesc_d8322faf",
        "p": {
          "@xml:id": "p_a6898555",
        },
      },
      "respStmt": {
        "@xml:id": "respStmt_3da067e5",
        "name": {
          "#text": "Llue",
          "@xml:id": "resp_f4a33842",
        },
      },
    },
    {
      "@isodate": "2019-01-30T13:23:02.836Z",
      "@xml:id": "change_a38a28ab",
      "changeDesc": {
        "@xml:id": "changeDesc_5c73d215",
        "p": {
          "@xml:id": "p_3b9e21f0",
        },
      },
      "respStmt": {
        "@xml:id": "respStmt_9b5664c9",
        "name": {
          "#text": "llue",
          "@xml:id": "resp_9b6e62fa",
        },
      },
    },
    {
      "@isodate": "2019-02-05T12:56:14.142Z",
      "@xml:id": "change_a0d7ecb6",
      "changeDesc": {
        "@xml:id": "changeDesc_166d0a14",
        "p": {
          "@xml:id": "p_f605443a",
        },
      },
      "respStmt": {
        "@xml:id": "respStmt_abb957a5",
        "name": {
          "#text": "llue",
          "@xml:id": "resp_5ec29b0e",
        },
      },
    },
    {
      "@isodate": "2019-02-08T09:59:37.477Z",
      "@xml:id": "change_5dc6fd3a",
      "changeDesc": {
        "@xml:id": "changeDesc_14e024d4",
        "p": {
          "@xml:id": "p_123bb768",
        },
      },
      "respStmt": {
        "@xml:id": "respStmt_2b2e2d7e",
        "name": {
          "#text": "llue",
          "@xml:id": "resp_89010831",
        },
      },
    },
    {
      "@isodate": "2019-02-14T12:02:06.832Z",
      "@xml:id": "change_3eda429b",
      "changeDesc": {
        "@xml:id": "changeDesc_d5a13552",
        "p": {
          "@xml:id": "p_e19e82d7",
        },
      },
      "respStmt": {
        "@xml:id": "respStmt_3a6a2779",
        "name": {
          "#text": "llue",
          "@xml:id": "resp_0835e603",
        },
      },
    },
    {
      "@isodate": "2019-02-21T10:42:31.041Z",
      "@xml:id": "change_b6f3789c",
      "changeDesc": {
        "@xml:id": "changeDesc_3d8f14ef",
        "p": {
          "@xml:id": "p_0f77da45",
        },
      },
      "respStmt": {
        "@xml:id": "respStmt_e056b27d",
        "name": {
          "#text": "llue",
          "@xml:id": "resp_938e1045",
        },
      },
    },
    {
      "@isodate": "2019-03-07T13:30:40.452Z",
      "@xml:id": "change_228ff61a",
      "changeDesc": {
        "@xml:id": "changeDesc_3348a7b8",
        "p": {
          "@xml:id": "p_473da962",
        },
      },
      "respStmt": {
        "@xml:id": "respStmt_13b59502",
        "name": {
          "#text": "llue",
          "@xml:id": "resp_ba4b7d0a",
        },
      },
    },
    {
      "@isodate": "2019-04-01T13:52:58.041Z",
      "@xml:id": "change_9ad90ca0",
      "changeDesc": {
        "@xml:id": "changeDesc_1817f528",
        "p": {
          "@xml:id": "p_4457f05a",
        },
      },
      "respStmt": {
        "@xml:id": "respStmt_70d65812",
        "name": {
          "#text": "llue",
          "@xml:id": "resp_9d4e7b0a",
        },
      },
    },
    {
      "@isodate": "2019-04-11T13:13:25.974Z",
      "@xml:id": "change_96c4d5ec",
      "changeDesc": {
        "@xml:id": "changeDesc_4f3ee3d0",
        "p": {
          "@xml:id": "p_34361a8b",
        },
      },
      "respStmt": {
        "@xml:id": "respStmt_54828a14",
        "name": {
          "#text": "llue",
          "@xml:id": "resp_03313ede",
        },
      },
    },
    {
      "@isodate": "2019-04-16T13:12:40.596Z",
      "@xml:id": "change_2e4e14ce",
      "changeDesc": {
        "@xml:id": "changeDesc_597785f7",
        "p": {
          "@xml:id": "p_fe05a69c",
        },
      },
      "respStmt": {
        "@xml:id": "respStmt_6cb72965",
        "name": {
          "#text": "llue",
          "@xml:id": "resp_f3036377",
        },
      },
    },
    {
      "@isodate": "2019-05-03T10:30:43.329Z",
      "@xml:id": "change_b05e7900",
      "changeDesc": {
        "@xml:id": "changeDesc_b7be2b4c",
        "p": {
          "@xml:id": "p_2ed3fbb3",
        },
      },
      "respStmt": {
        "@xml:id": "respStmt_32baabe0",
        "name": {
          "#text": "karj",
          "@xml:id": "resp_30d4711c",
        },
      },
    },
    {
      "@isodate": "2019-06-13T12:51:49.275Z",
      "@xml:id": "change_661afbbb",
      "changeDesc": {
        "@xml:id": "changeDesc_b7c9db4c",
        "p": {
          "@xml:id": "p_b3adcb52",
        },
      },
      "respStmt": {
        "@xml:id": "respStmt_e808e544",
        "name": {
          "#text": "llue",
          "@xml:id": "resp_3298eb87",
        },
      },
    },
    {
      "@isodate": "2019-06-14T14:48:48.878Z",
      "@xml:id": "change_1da2eec9",
      "changeDesc": {
        "@xml:id": "changeDesc_80d1a450",
        "p": {
          "@xml:id": "p_6c10d3f8",
        },
      },
      "respStmt": {
        "@xml:id": "respStmt_55826c24",
        "name": {
          "#text": "llue",
          "@xml:id": "resp_5373fe39",
        },
      },
    },
    {
      "@isodate": "2019-06-18T11:13:34.813Z",
      "@xml:id": "change_d368f762",
      "changeDesc": {
        "@xml:id": "changeDesc_4cff0c1f",
        "p": {
          "@xml:id": "p_1a5b7340",
        },
      },
      "respStmt": {
        "@xml:id": "respStmt_ac71f03e",
        "name": {
          "#text": "karj",
          "@xml:id": "resp_2a49f829",
        },
      },
    },
    {
      "@isodate": "2019-06-20T15:42:04.311Z",
      "@xml:id": "change_8eded284",
      "changeDesc": {
        "@xml:id": "changeDesc_79970918",
        "p": {
          "@xml:id": "p_ac40d952",
        },
      },
      "respStmt": {
        "@xml:id": "respStmt_8bb4d6b0",
        "name": {
          "#text": "llue",
          "@xml:id": "resp_cf743114",
        },
      },
    },
    {
      "@isodate": "2019-06-24T12:10:44.621Z",
      "@xml:id": "change_8342b2ef",
      "changeDesc": {
        "@xml:id": "changeDesc_f341fa96",
        "p": {
          "@xml:id": "p_fbd5b6c8",
        },
      },
      "respStmt": {
        "@xml:id": "respStmt_588d9f9e",
        "name": {
          "#text": "karj",
          "@xml:id": "resp_448e5fc6",
        },
      },
    },
    {
      "@isodate": "2019-06-25T12:47:22.042Z",
      "@xml:id": "change_e0e99d2c",
      "changeDesc": {
        "@xml:id": "changeDesc_ed258c21",
        "p": {
          "@xml:id": "p_f563f9ee",
        },
      },
      "respStmt": {
        "@xml:id": "respStmt_03733316",
        "name": {
          "#text": "karj",
          "@xml:id": "resp_ad431af3",
        },
      },
    },
    {
      "@isodate": "2019-08-21T12:04:12.635Z",
      "@xml:id": "change_c37b8a01",
      "changeDesc": {
        "@xml:id": "changeDesc_b339da6e",
        "p": {
          "@xml:id": "p_721730e7",
        },
      },
      "respStmt": {
        "@xml:id": "respStmt_0ca70927",
        "name": {
          "#text": "karj",
          "@xml:id": "resp_1d898796",
        },
      },
    },
    {
      "@isodate": "2019-08-22T12:35:43.494Z",
      "@xml:id": "change_d9135cf2",
      "changeDesc": {
        "@xml:id": "changeDesc_afb5daaa",
        "p": {
          "@xml:id": "p_ec60f5c0",
        },
      },
      "respStmt": {
        "@xml:id": "respStmt_b20f90a8",
        "name": {
          "#text": "karj",
          "@xml:id": "resp_cae5beba",
        },
      },
    },
    {
      "@isodate": "2019-08-23T12:01:10.563Z",
      "@xml:id": "change_12936N1A1E6",
      "changeDesc": {
        "@xml:id": "changeDesc_93c5df3f",
        "p": {
          "@xml:id": "p_cad8f227",
        },
      },
      "respStmt": {
        "@xml:id": "respStmt_89def52c",
        "name": {
          "#text": "karj",
          "@xml:id": "resp_896897ae",
        },
      },
    },
    {
      "@isodate": "2019-08-27T11:18:31.831Z",
      "@xml:id": "change_9d439e59",
      "changeDesc": {
        "@xml:id": "changeDesc_d23dfb7e",
        "p": {
          "@xml:id": "p_9f2b74a8",
        },
      },
      "respStmt": {
        "@xml:id": "respStmt_6690f561",
        "name": {
          "#text": "karj",
          "@xml:id": "resp_6bbe1293",
        },
      },
    },
    {
      "@isodate": "2019-08-28T10:11:28.32Z",
      "@xml:id": "change_e7cabd60",
      "changeDesc": {
        "@xml:id": "changeDesc_dff71db9",
        "p": {
          "@xml:id": "p_9157145f",
        },
      },
      "respStmt": {
        "@xml:id": "respStmt_b4887fe4",
        "name": {
          "#text": "karj",
          "@xml:id": "resp_1c4b9e64",
        },
      },
    },
    {
      "@isodate": "2019-08-29T09:13:23.81Z",
      "@xml:id": "change_1214b59c",
      "changeDesc": {
        "@xml:id": "changeDesc_4ca0af92",
        "p": {
          "@xml:id": "p_b5a3c043",
        },
      },
      "respStmt": {
        "@xml:id": "respStmt_36a86af8",
        "name": {
          "#text": "karj",
          "@xml:id": "resp_79bf05ee",
        },
      },
    },
    {
      "@isodate": "2019-09-04T11:54:12.609Z",
      "@xml:id": "change_6446c963",
      "changeDesc": {
        "@xml:id": "changeDesc_1fdd7ca8",
        "p": {
          "@xml:id": "p_a9b4bb37",
        },
      },
      "respStmt": {
        "@xml:id": "respStmt_48bd453c",
        "name": {
          "#text": "karj",
          "@xml:id": "resp_77e47ca8",
        },
      },
    },
    {
      "@isodate": "2019-09-06T13:46:28.605Z",
      "@xml:id": "change_f37e8b13",
      "changeDesc": {
        "@xml:id": "changeDesc_0bf0f3ed",
        "p": {
          "@xml:id": "p_9abd2382",
        },
      },
      "respStmt": {
        "@xml:id": "respStmt_8e7c7bb8",
        "name": {
          "#text": "karj",
          "@xml:id": "resp_c491f8c4",
        },
      },
    },
    {
      "@isodate": "2019-09-25T12:20:06.09Z",
      "@xml:id": "change_0b479512",
      "changeDesc": {
        "@xml:id": "changeDesc_271a9257",
        "p": {
          "@xml:id": "p_4070fa42",
        },
      },
      "respStmt": {
        "@xml:id": "respStmt_8a0d2b43",
        "name": {
          "#text": "karj",
          "@xml:id": "resp_b19e20db",
        },
      },
    },
    {
      "@isodate": "2019-10-10T10:33:20.553Z",
      "@xml:id": "change_3929305a",
      "changeDesc": {
        "@xml:id": "changeDesc_7d8ada4e",
        "p": {
          "@xml:id": "p_6f32587a",
        },
      },
      "respStmt": {
        "@xml:id": "respStmt_aa6400db",
        "name": {
          "#text": "karj",
          "@xml:id": "resp_340a203d",
        },
      },
    },
    {
      "@isodate": "2019-10-16T16:11:01.181Z",
      "@xml:id": "change_2d00463a",
      "changeDesc": {
        "@xml:id": "changeDesc_898895c5",
        "p": {
          "@xml:id": "p_ebd63148",
        },
      },
      "respStmt": {
        "@xml:id": "respStmt_2df0f620",
        "name": {
          "#text": "karj",
          "@xml:id": "resp_08b07f62",
        },
      },
    },
    {
      "@isodate": "2019-10-17T11:59:29.824Z",
      "@xml:id": "change_6181985f",
      "changeDesc": {
        "@xml:id": "changeDesc_53a79fc2",
        "p": {
          "@xml:id": "p_bfdad05a",
        },
      },
      "respStmt": {
        "@xml:id": "respStmt_368eb41d",
        "name": {
          "#text": "karj",
          "@xml:id": "resp_e0149b90",
        },
      },
    },
    {
      "@isodate": "2019-10-23T12:01:42.684Z",
      "@xml:id": "change_cc92f5e0",
      "changeDesc": {
        "@xml:id": "changeDesc_df84ca5a",
        "p": {
          "@xml:id": "p_d8d187ce",
        },
      },
      "respStmt": {
        "@xml:id": "respStmt_a15e04a2",
        "name": {
          "#text": "karj",
          "@xml:id": "resp_e6c67f32",
        },
      },
    },
    {
      "@isodate": "2019-10-31T11:52:09.355Z",
      "@xml:id": "change_97c37998",
      "changeDesc": {
        "@xml:id": "changeDesc_bba2e7b9",
        "p": {
          "@xml:id": "p_b5b10ef5",
        },
      },
      "respStmt": {
        "@xml:id": "respStmt_3393d26f",
        "name": {
          "#text": "karj",
          "@xml:id": "resp_53ce1311",
        },
      },
    },
    {
      "@isodate": "2019-11-07T12:06:06.275Z",
      "@xml:id": "change_c3203504",
      "changeDesc": {
        "@xml:id": "changeDesc_c537a812",
        "p": {
          "@xml:id": "p_436d5473",
        },
      },
      "respStmt": {
        "@xml:id": "respStmt_2c1be845",
        "name": {
          "#text": "karj",
          "@xml:id": "resp_efe2dcea",
        },
      },
    },
    {
      "@isodate": "2019-11-11T12:56:56.125Z",
      "@xml:id": "change_6a1dfa36",
      "changeDesc": {
        "@xml:id": "changeDesc_9f503013",
        "p": {
          "@xml:id": "p_b87c80cc",
        },
      },
      "respStmt": {
        "@xml:id": "respStmt_595926a4",
        "name": {
          "#text": "Llue",
          "@xml:id": "resp_8e8f3ddf",
        },
      },
    },
    {
      "@isodate": "2019-11-12T11:41:38.921Z",
      "@xml:id": "change_96cdb712",
      "changeDesc": {
        "@xml:id": "changeDesc_3f69319f",
        "p": {
          "@xml:id": "p_bc2dccd3",
        },
      },
      "respStmt": {
        "@xml:id": "respStmt_f43c5705",
        "name": {
          "#text": "Llue",
          "@xml:id": "resp_f123d37f",
        },
      },
    },
    {
      "@isodate": "2019-11-14T10:08:57.675Z",
      "@xml:id": "change_3fc8f332",
      "changeDesc": {
        "@xml:id": "changeDesc_b9e475b4",
        "p": {
          "@xml:id": "p_1e26f6d2",
        },
      },
      "respStmt": {
        "@xml:id": "respStmt_f3eba7c0",
        "name": {
          "#text": "karj",
          "@xml:id": "resp_7421d159",
        },
      },
    },
    {
      "@isodate": "2019-11-14T16:05:46.77Z",
      "@xml:id": "change_d6a9e555",
      "changeDesc": {
        "@xml:id": "changeDesc_a3328e60",
        "p": {
          "@xml:id": "p_69b40fac",
        },
      },
      "respStmt": {
        "@xml:id": "respStmt_021b0450",
        "name": {
          "#text": "Llue",
          "@xml:id": "resp_55c97fe7",
        },
      },
    },
    {
      "@isodate": "2019-11-15T13:30:17.011Z",
      "@xml:id": "change_ef6640b2",
      "changeDesc": {
        "@xml:id": "changeDesc_68d83638",
        "p": {
          "@xml:id": "p_4b891b03",
        },
      },
      "respStmt": {
        "@xml:id": "respStmt_3a7f75ee",
        "name": {
          "#text": "karj",
          "@xml:id": "resp_1135af86",
        },
      },
    },
    {
      "@isodate": "2019-11-16T14:09:29.485Z",
      "@xml:id": "change_45a20264",
      "changeDesc": {
        "@xml:id": "changeDesc_ab94ee18",
        "p": {
          "@xml:id": "p_7bc2e924",
        },
      },
      "respStmt": {
        "@xml:id": "respStmt_bf381ece",
        "name": {
          "#text": "karj",
          "@xml:id": "resp_e63760a2",
        },
      },
    },
    {
      "@isodate": "2019-11-18T11:43:23.393Z",
      "@xml:id": "change_16ce4f29",
      "changeDesc": {
        "@xml:id": "changeDesc_405ade70",
        "p": {
          "@xml:id": "p_e39467c1",
        },
      },
      "respStmt": {
        "@xml:id": "respStmt_546215b4",
        "name": {
          "#text": "Llue",
          "@xml:id": "resp_b6155146",
        },
      },
    },
    {
      "@isodate": "2019-11-20T10:13:05.723Z",
      "@xml:id": "change_acb20afe",
      "changeDesc": {
        "@xml:id": "changeDesc_a975d398",
        "p": {
          "@xml:id": "p_6feb4994",
        },
      },
      "respStmt": {
        "@xml:id": "respStmt_128f2793",
        "name": {
          "#text": "Llue",
          "@xml:id": "resp_aada0f2c",
        },
      },
    },
    {
      "@isodate": "2019-11-20T11:26:50.21Z",
      "@xml:id": "change_92d6db1f",
      "changeDesc": {
        "@xml:id": "changeDesc_c29465b5",
        "p": {
          "@xml:id": "p_58264f85",
        },
      },
      "respStmt": {
        "@xml:id": "respStmt_8094eaaa",
        "name": {
          "#text": "karj",
          "@xml:id": "resp_d54eef01",
        },
      },
    },
    {
      "@isodate": "2019-11-20T14:56:10Z",
      "@xml:id": "change_14484N1A5B1",
      "changeDesc": {
        "@xml:id": "changeDesc_cf17e21e",
        "p": {
          "#text": "Incipit links updated",
          "@xml:id": "p_0c885d60",
        },
      },
      "respStmt": {
        "@xml:id": "respStmt_c20071e4",
        "name": {
          "#text": "MerMEId",
          "@xml:id": "resp_b302c172",
        },
      },
    },
    {
      "@isodate": "2019-11-21T12:22:28.673Z",
      "@xml:id": "change_49d9e65e",
      "changeDesc": {
        "@xml:id": "changeDesc_027bd4ee",
        "p": {
          "@xml:id": "p_0337f6fb",
        },
      },
      "respStmt": {
        "@xml:id": "respStmt_57092bfa",
        "name": {
          "#text": "karj",
          "@xml:id": "resp_37ac549b",
        },
      },
    },
    {
      "@isodate": "2019-11-22T12:25:53.494Z",
      "@xml:id": "change_a274796b",
      "changeDesc": {
        "@xml:id": "changeDesc_f1642798",
        "p": {
          "@xml:id": "p_7c90a7ed",
        },
      },
      "respStmt": {
        "@xml:id": "respStmt_a4f55c9f",
        "name": {
          "#text": "Llue",
          "@xml:id": "resp_f8b474f0",
        },
      },
    },
    {
      "@isodate": "2019-11-22T15:04:54.359Z",
      "@xml:id": "change_05b603b6",
      "changeDesc": {
        "@xml:id": "changeDesc_5cec4d94",
        "p": {
          "@xml:id": "p_98e6d04b",
        },
      },
      "respStmt": {
        "@xml:id": "respStmt_8ed9522b",
        "name": {
          "#text": "karj",
          "@xml:id": "resp_30da6d82",
        },
      },
    },
    {
      "@isodate": "2019-11-27T09:44:31.412Z",
      "@xml:id": "change_ece045bc",
      "changeDesc": {
        "@xml:id": "changeDesc_444c6885",
        "p": {
          "@xml:id": "p_00c96380",
        },
      },
      "respStmt": {
        "@xml:id": "respStmt_9cc05253",
        "name": {
          "#text": "llue",
          "@xml:id": "resp_f64adaa3",
        },
      },
    },
    {
      "@isodate": "2019-11-27T11:56:57.171Z",
      "@xml:id": "change_a344083c",
      "changeDesc": {
        "@xml:id": "changeDesc_62cbd7f0",
        "p": {
          "@xml:id": "p_664af98f",
        },
      },
      "respStmt": {
        "@xml:id": "respStmt_d178d2e8",
        "name": {
          "#text": "karj",
          "@xml:id": "resp_b1f417c8",
        },
      },
    },
    {
      "@isodate": "2019-11-27T12:43:36.885Z",
      "@xml:id": "change_14828N1BB5E",
      "changeDesc": {
        "@xml:id": "changeDesc_692a8ee7",
        "p": {
          "@xml:id": "p_ae5af246",
        },
      },
      "respStmt": {
        "@xml:id": "respStmt_dd029c4e",
        "name": {
          "#text": "llue",
          "@xml:id": "resp_2a087848",
        },
      },
    },
    {
      "@isodate": "2019-11-27T12:56:52.94Z",
      "@xml:id": "change_e8400f5c",
      "changeDesc": {
        "@xml:id": "changeDesc_2172e0e4",
        "p": {
          "@xml:id": "p_37932806",
        },
      },
      "respStmt": {
        "@xml:id": "respStmt_41e7cef1",
        "name": {
          "#text": "karj",
          "@xml:id": "resp_b4ddf91b",
        },
      },
    },
    {
      "@isodate": "2019-11-28T11:51:43.02Z",
      "@xml:id": "change_7a8cdfdb",
      "changeDesc": {
        "@xml:id": "changeDesc_43fd4eb9",
        "p": {
          "@xml:id": "p_7459f7fa",
        },
      },
      "respStmt": {
        "@xml:id": "respStmt_a51aae8a",
        "name": {
          "#text": "karj",
          "@xml:id": "resp_15009843",
        },
      },
    },
    {
      "@isodate": "2019-12-11T11:23:41.865Z",
      "@xml:id": "change_d3b668d4",
      "changeDesc": {
        "@xml:id": "changeDesc_69d4b4a9",
        "p": {
          "@xml:id": "p_5d3ec789",
        },
      },
      "respStmt": {
        "@xml:id": "respStmt_6d8b0896",
        "name": {
          "#text": "karj",
          "@xml:id": "resp_d7c061c7",
        },
      },
    },
    {
      "@isodate": "2019-12-11T12:17:54.256Z",
      "@xml:id": "change_ade5fce4",
      "changeDesc": {
        "@xml:id": "changeDesc_dfe41860",
        "p": {
          "@xml:id": "p_9dae961f",
        },
      },
      "respStmt": {
        "@xml:id": "respStmt_9975652a",
        "name": {
          "#text": "llue",
          "@xml:id": "resp_4834e5ef",
        },
      },
    },
    {
      "@isodate": "2019-12-11T13:42:12.112Z",
      "@xml:id": "change_bc782250",
      "changeDesc": {
        "@xml:id": "changeDesc_282f75fd",
        "p": {
          "@xml:id": "p_7949737b",
        },
      },
      "respStmt": {
        "@xml:id": "respStmt_cb45d15b",
        "name": {
          "#text": "karj",
          "@xml:id": "resp_9bc4d252",
        },
      },
    },
    {
      "@isodate": "2019-12-11T13:54:38.09Z",
      "@xml:id": "change_e79e776b",
      "changeDesc": {
        "@xml:id": "changeDesc_098ccc23",
        "p": {
          "@xml:id": "p_e99be9bf",
        },
      },
      "respStmt": {
        "@xml:id": "respStmt_2b58a341",
        "name": {
          "#text": "llue",
          "@xml:id": "resp_32d71f81",
        },
      },
    },
    {
      "@isodate": "2019-12-11T14:14:44.019Z",
      "@xml:id": "change_34c0fd5b",
      "changeDesc": {
        "@xml:id": "changeDesc_9fb80a45",
        "p": {
          "@xml:id": "p_f5f491f8",
        },
      },
      "respStmt": {
        "@xml:id": "respStmt_c8892a93",
        "name": {
          "#text": "karj",
          "@xml:id": "resp_bfb7cad8",
        },
      },
    },
    {
      "@isodate": "2019-12-12T13:37:29.58Z",
      "@xml:id": "change_656a322f",
      "changeDesc": {
        "@xml:id": "changeDesc_eed6cba8",
        "p": {
          "@xml:id": "p_7e0620df",
        },
      },
      "respStmt": {
        "@xml:id": "respStmt_f8176a65",
        "name": {
          "#text": "karj",
          "@xml:id": "resp_14c89f50",
        },
      },
    },
    {
      "@isodate": "2019-12-12T15:37:11.097Z",
      "@xml:id": "change_b5244d24",
      "changeDesc": {
        "@xml:id": "changeDesc_e2088bdc",
        "p": {
          "@xml:id": "p_9ce0928a",
        },
      },
      "respStmt": {
        "@xml:id": "respStmt_3087f7bb",
        "name": {
          "#text": "llue",
          "@xml:id": "resp_ddf476c1",
        },
      },
    },
    {
      "@isodate": "2019-12-16T12:58:40.534Z",
      "@xml:id": "change_f810daf1",
      "changeDesc": {
        "@xml:id": "changeDesc_0281a9d5",
        "p": {
          "@xml:id": "p_6a50ef83",
        },
      },
      "respStmt": {
        "@xml:id": "respStmt_47eaa1e0",
        "name": {
          "#text": "karj",
          "@xml:id": "resp_f2c30e19",
        },
      },
    },
    {
      "@isodate": "2019-12-17T15:33:59.928Z",
      "@xml:id": "change_ce414c79",
      "changeDesc": {
        "@xml:id": "changeDesc_63625d69",
        "p": {
          "@xml:id": "p_af3ddfb6",
        },
      },
      "respStmt": {
        "@xml:id": "respStmt_d968559d",
        "name": {
          "#text": "karj",
          "@xml:id": "resp_343222f1",
        },
      },
    },
    {
      "@isodate": "2019-12-18T09:12:01.595Z",
      "@xml:id": "change_9624fe8a",
      "changeDesc": {
        "@xml:id": "changeDesc_6bc3cf1a",
        "p": {
          "@xml:id": "p_154c64f0",
        },
      },
      "respStmt": {
        "@xml:id": "respStmt_94ba7fc3",
        "name": {
          "#text": "karj",
          "@xml:id": "resp_ca1f4982",
        },
      },
    },
    {
      "@isodate": "2019-12-18T09:19:45.075Z",
      "@xml:id": "change_6a5221e4",
      "changeDesc": {
        "@xml:id": "changeDesc_19a8c72e",
        "p": {
          "@xml:id": "p_7d040115",
        },
      },
      "respStmt": {
        "@xml:id": "respStmt_35b971f9",
        "name": {
          "#text": "llue",
          "@xml:id": "resp_40e2fb9d",
        },
      },
    },
    {
      "@isodate": "2019-12-18T10:04:32.401Z",
      "@xml:id": "change_92bd539b",
      "changeDesc": {
        "@xml:id": "changeDesc_d4646674",
        "p": {
          "@xml:id": "p_2f4fd686",
        },
      },
      "respStmt": {
        "@xml:id": "respStmt_2f2d7fb0",
        "name": {
          "#text": "karj",
          "@xml:id": "resp_6cdc7d15",
        },
      },
    },
    {
      "@isodate": "2019-12-18T12:18:57.426Z",
      "@xml:id": "change_16490N1D144",
      "changeDesc": {
        "@xml:id": "changeDesc_30c57d0a",
        "p": {
          "@xml:id": "p_12642e01",
        },
      },
      "respStmt": {
        "@xml:id": "respStmt_91bb3ad8",
        "name": {
          "#text": "llue",
          "@xml:id": "resp_5740442b",
        },
      },
    },
    {
      "@isodate": "2019-12-18T12:52:59.211Z",
      "@xml:id": "change_44781405",
      "changeDesc": {
        "@xml:id": "changeDesc_2be995cb",
        "p": {
          "@xml:id": "p_37794a07",
        },
      },
      "respStmt": {
        "@xml:id": "respStmt_8ce319e3",
        "name": {
          "#text": "karj",
          "@xml:id": "resp_15ec99b2",
        },
      },
    },
    {
      "@isodate": "2019-12-18T13:00:14.12Z",
      "@xml:id": "change_742f1440",
      "changeDesc": {
        "@xml:id": "changeDesc_4c2fd1df",
        "p": {
          "@xml:id": "p_d1d52382",
        },
      },
      "respStmt": {
        "@xml:id": "respStmt_2765b74b",
        "name": {
          "#text": "llue",
          "@xml:id": "resp_d8c0c8ed",
        },
      },
    },
    {
      "@isodate": "2019-12-18T14:26:14.304Z",
      "@xml:id": "change_1b84b747",
      "changeDesc": {
        "@xml:id": "changeDesc_be0b6c26",
        "p": {
          "@xml:id": "p_0eeff5c8",
        },
      },
      "respStmt": {
        "@xml:id": "respStmt_28b53206",
        "name": {
          "#text": "karj",
          "@xml:id": "resp_ca8f401e",
        },
      },
    },
    {
      "@isodate": "2019-12-18T16:29:54.129Z",
      "@xml:id": "change_16677N1D3AA",
      "changeDesc": {
        "@xml:id": "changeDesc_81b7da99",
        "p": {
          "@xml:id": "p_217023b4",
        },
      },
      "respStmt": {
        "@xml:id": "respStmt_ad348c3c",
        "name": {
          "#text": "llue",
          "@xml:id": "resp_c12b8e24",
        },
      },
    },
    {
      "@isodate": "2019-12-19T17:33:18.816Z",
      "@xml:id": "change_580eb4b3",
      "changeDesc": {
        "@xml:id": "changeDesc_8b5bb700",
        "p": {
          "@xml:id": "p_b015a508",
        },
      },
      "respStmt": {
        "@xml:id": "respStmt_c0e127ca",
        "name": {
          "#text": "llue",
          "@xml:id": "resp_03ed1569",
        },
      },
    },
    {
      "@isodate": "2021-06-09",
      "@xml:id": "change_16987d1e25700",
      "changeDesc": {
        "p": {
          "#text": "Transform from MEI 3.0.0 to 4.0.0",
        },
      },
      "respStmt": {
        "name": {
          "#text": "MerMEId",
        },
      },
    },
    {
      "@isodate": "2022-12-02",
      "@xml:id": "change_16850d1e25558",
      "changeDesc": {
        "p": {
          "#text": "Adjustments for MEI 4.0.1 validation",
        },
      },
      "respStmt": {
        "name": {
          "#text": "MerMEId",
        },
      },
    },
    {
      "@resp": "#mei40To51",
      "changeDesc": {
        "p": {
          "#text": "Converted to MEI version 5.1 using mei40To51.xsl, version 1.0",
        },
      },
      "date": {
        "@isodate": "2025-09-19",
      },
    },
  ],
}
`;
